// Jest Snapshot v1, https://goo.gl/fbAQLP

exports[`rootComponent Snapshots rootComponent Snapshots with design values and widget info 1`] = `
<div
  className="bg-cover bg-no-repeat bg-center"
  id="mainFrame"
  style={
    Object {
      "backgroundImage": "url(https://cdn.pixabay.com/photo/2020/04/08/06/55/elephant-5015964_1280.jpg)",
      "fontSize": "1rem",
      "height": "100vh",
      "width": "100vw",
    }
  }
>
  <div
    className="flex "
    style={
      Object {
        "color": "black",
      }
    }
  >
    <div
      className="z-50"
      style={
        Object {
          "left": "4.7vh",
          "position": "absolute",
          "top": "45.7vh",
        }
      }
    >
      <img
        alt="IHKLogo"
        className="sm:w-24 lg:w-36 2xl:w-52 4xl:w-72"
        src="https://www.artwork.de/wp-content/uploads/2015/08/logo_TF_NEU_4c_ai.png"
      />
    </div>
    <div
      className="z-20 mx-0 bg-clip-padding backdrop-filter backdrop-blur-xl bg-opacity-30"
      style={
        Object {
          "height": "100vh",
          "width": "33.55vw",
        }
      }
    />
    <div
      className="box-border z-20 grid grid-cols-3 absolute left-0 grid-rows-2 sm:gap-2 md:gap-3 lg:gap-5 xl:gap-7 4xl:gap-10 sm:p-2 md:p-3 lg:p-5 xl:p-7 4xl:p-10"
      style={
        Object {
          "height": "100vh",
          "width": "100vw",
        }
      }
    >
      <div
        className="sm:pl-2 md:pl-3 lg:pl-5 xl:pl-7 4xl:pl-10 grid grid-rows-2 h-full sm:gap-2 md:gap-3 lg:gap-4 xl:gap-6 4xl:gap-8"
      >
        <TimeDisplayComponent
          error={[Function]}
          specialBoldFontColor=""
          specialSubtleFontColor=""
        />
        <WeatherDisplayComponent
          error={[Function]}
          specialBoldFontColor=""
          specialSubtleFontColor=""
        />
      </div>
      <div />
      <RotatorComponent>
        <div
          key="0"
        >
          <SquareHolder
            accentColor="black"
            displayComponentClass={[Function]}
            rawConfig={Object {}}
            specialBoldFontColor="red"
            specialSubtleFontColor="green"
            title="Cafeteria"
            titleColor="black"
          />
        </div>
        <div
          key="1"
        >
          <SquareHolder
            accentColor="black"
            displayComponentClass={[Function]}
            rawConfig={Object {}}
            specialBoldFontColor="red"
            specialSubtleFontColor="green"
            title="Cafeteria Status"
            titleColor="black"
          />
        </div>
        <div
          key="2"
        >
          <SquareHolder
            accentColor="black"
            displayComponentClass={[Function]}
            rawConfig={Object {}}
            specialBoldFontColor="red"
            specialSubtleFontColor="green"
            title="Tram Schedule"
            titleColor="black"
          />
        </div>
        <div
          key="3"
        >
          <SquareHolder
            accentColor="black"
            displayComponentClass={[Function]}
            rawConfig={Object {}}
            specialBoldFontColor="red"
            specialSubtleFontColor="green"
            title="RSS Feed"
            titleColor="black"
          />
        </div>
      </RotatorComponent>
      <div />
      <div />
      <div />
    </div>
  </div>
</div>
`;
