// Jest Snapshot v1, https://goo.gl/fbAQLP

exports[`Admin page tests snapshot test for personalisation page 1`] = `
<ForwardRef(Box)
  sx={
    Object {
      "height": 300,
      "width": 300,
    }
  }
>
  <div>
    <ForwardRef(Grid)
      alignItems="center"
      container={true}
      direction="row"
      justifyContent="center"
      spacing={2}
    >
      <ForwardRef(Grid)
        item={true}
        xs={12}
      >
        <ForwardRef(FormControl)
          sx={
            Object {
              "m": 1,
              "width": "25ch",
            }
          }
          variant="standard"
        >
          <ForwardRef(InputLabel)>
            Old Password
          </ForwardRef(InputLabel)>
          <ForwardRef(Input)
            endAdornment={
              <ForwardRef(InputAdornment)
                position="end"
              >
                <ForwardRef(IconButton)
                  onClick={[Function]}
                >
                  <Memo />
                </ForwardRef(IconButton)>
              </ForwardRef(InputAdornment)>
            }
            onChange={[Function]}
            type="password"
            value=""
          />
        </ForwardRef(FormControl)>
      </ForwardRef(Grid)>
      <ForwardRef(Grid)
        item={true}
        xs={12}
      >
        <ForwardRef(FormControl)
          sx={
            Object {
              "m": 1,
              "width": "25ch",
            }
          }
          variant="standard"
        >
          <ForwardRef(InputLabel)>
            New Password
          </ForwardRef(InputLabel)>
          <ForwardRef(Input)
            endAdornment={
              <ForwardRef(InputAdornment)
                position="end"
              >
                <ForwardRef(IconButton)
                  onClick={[Function]}
                >
                  <Memo />
                </ForwardRef(IconButton)>
              </ForwardRef(InputAdornment)>
            }
            onChange={[Function]}
            type="password"
            value=""
          />
        </ForwardRef(FormControl)>
      </ForwardRef(Grid)>
      <ForwardRef(Grid)
        item={true}
        xs={12}
      >
        <ForwardRef(Button)
          onClick={[Function]}
          variant="contained"
        >
          Save Password
        </ForwardRef(Button)>
        <ForwardRef(Snackbar)
          anchorOrigin={
            Object {
              "horizontal": "right",
              "vertical": "bottom",
            }
          }
          autoHideDuration={2000}
          message="Password Saved"
          onClose={[Function]}
          open={false}
        />
        <ForwardRef(Snackbar)
          anchorOrigin={
            Object {
              "horizontal": "right",
              "vertical": "bottom",
            }
          }
          autoHideDuration={2000}
          message="Changing Password failed"
          onClose={[Function]}
          open={false}
        />
        <ForwardRef(Snackbar)
          anchorOrigin={
            Object {
              "horizontal": "right",
              "vertical": "bottom",
            }
          }
          autoHideDuration={2000}
          message="Session expired"
          onClose={[Function]}
          open={false}
        />
        <ForwardRef(Snackbar)
          anchorOrigin={
            Object {
              "horizontal": "right",
              "vertical": "bottom",
            }
          }
          autoHideDuration={2000}
          message="Old and new password must not be empty"
          onClose={[Function]}
          open={false}
        />
      </ForwardRef(Grid)>
      <ForwardRef(Grid)
        item={true}
        xs={12}
      />
    </ForwardRef(Grid)>
  </div>
</ForwardRef(Box)>
`;
