// Jest Snapshot v1, https://goo.gl/fbAQLP

exports[`Layout page tests snapshot test for layout page 1`] = `
<div>
  <ForwardRef(Grid)
    alignItems="flex-start"
    container={true}
    direction="row"
    justifyContent="flex-start"
    spacing={2}
  >
    <ForwardRef(Grid)
      container={true}
      direction="row"
      item={true}
      spacing={2}
      xs={12}
    >
      <ForwardRef(Grid)
        item={true}
      >
        <ForwardRef(Box)
          sx={
            Object {
              "backgroundColor": "text.primary",
              "height": 150,
              "width": 150,
            }
          }
        >
          <ForwardRef(Grid)
            alignItems="center"
            container={true}
            direction="row"
            justifyContent="space-between"
          >
            <ForwardRef(Grid)
              item={true}
              xs={12}
            >
              ''
            </ForwardRef(Grid)>
            <ForwardRef(Grid)
              item={true}
              xs={12}
            >
              ''
            </ForwardRef(Grid)>
            <ForwardRef(Grid)
              alignItems="center"
              container={true}
              item={true}
              justifyContent="center"
            >
              <ForwardRef(Grid)
                item={true}
              >
                <Memo(ForwardRef(LockIcon))
                  color="error"
                />
              </ForwardRef(Grid)>
            </ForwardRef(Grid)>
          </ForwardRef(Grid)>
        </ForwardRef(Box)>
      </ForwardRef(Grid)>
      <ForwardRef(Grid)
        item={true}
      >
        <ForwardRef(Box)
          sx={
            Object {
              "backgroundColor": "text.primary",
              "height": 150,
              "width": 150,
            }
          }
        >
          <ForwardRef(Grid)
            alignItems="center"
            container={true}
            direction="row"
            justifyContent="space-between"
          >
            <ForwardRef(Grid)
              item={true}
              xs={12}
            >
              ''
            </ForwardRef(Grid)>
            <ForwardRef(Grid)
              item={true}
              xs={12}
            >
              ''
            </ForwardRef(Grid)>
            <ForwardRef(Grid)
              alignItems="center"
              container={true}
              item={true}
              justifyContent="center"
            >
              <ForwardRef(Grid)
                item={true}
              >
                <ForwardRef(Typography)
                  color="white"
                  variant="h6"
                >
                  1.top center
                </ForwardRef(Typography)>
              </ForwardRef(Grid)>
            </ForwardRef(Grid)>
          </ForwardRef(Grid)>
        </ForwardRef(Box)>
      </ForwardRef(Grid)>
      <ForwardRef(Grid)
        item={true}
      >
        <ForwardRef(Box)
          sx={
            Object {
              "backgroundColor": "text.primary",
              "height": 150,
              "width": 150,
            }
          }
        >
          <ForwardRef(Grid)
            alignItems="center"
            container={true}
            direction="row"
            justifyContent="space-between"
          >
            <ForwardRef(Grid)
              item={true}
              xs={12}
            >
              ''
            </ForwardRef(Grid)>
            <ForwardRef(Grid)
              item={true}
              xs={12}
            >
              ''
            </ForwardRef(Grid)>
            <ForwardRef(Grid)
              alignItems="center"
              container={true}
              item={true}
              justifyContent="center"
            >
              <ForwardRef(Grid)
                item={true}
              >
                <ForwardRef(Typography)
                  color="white"
                  variant="h6"
                >
                  2.top right
                </ForwardRef(Typography)>
              </ForwardRef(Grid)>
            </ForwardRef(Grid)>
          </ForwardRef(Grid)>
        </ForwardRef(Box)>
      </ForwardRef(Grid)>
    </ForwardRef(Grid)>
    <ForwardRef(Grid)
      container={true}
      direction="row"
      item={true}
      spacing={2}
    >
      <ForwardRef(Grid)
        item={true}
      >
        <ForwardRef(Box)
          sx={
            Object {
              "backgroundColor": "text.primary",
              "height": 150,
              "width": 150,
            }
          }
        >
          <ForwardRef(Grid)
            alignItems="center"
            container={true}
            direction="row"
            justifyContent="space-between"
          >
            <ForwardRef(Grid)
              item={true}
              xs={12}
            >
              ''
            </ForwardRef(Grid)>
            <ForwardRef(Grid)
              item={true}
              xs={12}
            >
              ''
            </ForwardRef(Grid)>
            <ForwardRef(Grid)
              alignItems="center"
              container={true}
              item={true}
              justifyContent="center"
            >
              <ForwardRef(Grid)
                item={true}
              >
                <ForwardRef(Typography)
                  color="white"
                  variant="h6"
                >
                  3.bottom left
                </ForwardRef(Typography)>
              </ForwardRef(Grid)>
            </ForwardRef(Grid)>
          </ForwardRef(Grid)>
        </ForwardRef(Box)>
      </ForwardRef(Grid)>
      <ForwardRef(Grid)
        item={true}
      >
        <ForwardRef(Box)
          sx={
            Object {
              "backgroundColor": "text.primary",
              "height": 150,
              "width": 150,
            }
          }
        >
          <ForwardRef(Grid)
            alignItems="center"
            container={true}
            direction="row"
            justifyContent="space-between"
          >
            <ForwardRef(Grid)
              item={true}
              xs={12}
            >
              ''
            </ForwardRef(Grid)>
            <ForwardRef(Grid)
              item={true}
              xs={12}
            >
              ''
            </ForwardRef(Grid)>
            <ForwardRef(Grid)
              alignItems="center"
              container={true}
              item={true}
              justifyContent="center"
            >
              <ForwardRef(Grid)
                item={true}
              >
                <ForwardRef(Typography)
                  color="white"
                  variant="h6"
                >
                  4.bottom center
                </ForwardRef(Typography)>
              </ForwardRef(Grid)>
            </ForwardRef(Grid)>
          </ForwardRef(Grid)>
        </ForwardRef(Box)>
      </ForwardRef(Grid)>
      <ForwardRef(Grid)
        item={true}
      >
        <ForwardRef(Box)
          sx={
            Object {
              "backgroundColor": "text.primary",
              "height": 150,
              "width": 150,
            }
          }
        >
          <ForwardRef(Grid)
            alignItems="center"
            container={true}
            direction="row"
            justifyContent="space-between"
          >
            <ForwardRef(Grid)
              item={true}
              xs={12}
            >
              ''
            </ForwardRef(Grid)>
            <ForwardRef(Grid)
              item={true}
              xs={12}
            >
              ''
            </ForwardRef(Grid)>
            <ForwardRef(Grid)
              alignItems="center"
              container={true}
              item={true}
              justifyContent="center"
            >
              <ForwardRef(Grid)
                item={true}
              >
                <ForwardRef(Typography)
                  color="white"
                  variant="h6"
                >
                  5.bottom right
                </ForwardRef(Typography)>
              </ForwardRef(Grid)>
            </ForwardRef(Grid)>
          </ForwardRef(Grid)>
        </ForwardRef(Box)>
      </ForwardRef(Grid)>
    </ForwardRef(Grid)>
    <ForwardRef(Grid)
      item={true}
      xs={12}
    >
      <ul>
        <WidgetListElement
          handleDeleteWidget={[Function]}
          handlePosition={[Function]}
          handleRawConfigSave={[Function]}
          item={
            Object {
              "id": 0,
              "position": "",
              "widget": null,
              "widgetData": null,
              "widgetNameText": "",
            }
          }
        />
      </ul>
    </ForwardRef(Grid)>
    <ForwardRef(Grid)
      item={true}
      xs={12}
    >
      <ForwardRef(FormControl)
        sx={
          Object {
            "minWidth": 150,
          }
        }
      >
        <ForwardRef(InputLabel)>
          Select Widget
        </ForwardRef(InputLabel)>
        <ForwardRef(Select)
          key="0"
          label="Select Widget"
          onChange={[Function]}
          value=""
        >
          <ForwardRef(MenuItem)
            value="rss-feed"
          >
            RSS Feed
          </ForwardRef(MenuItem)>
          <ForwardRef(MenuItem)
            value="tram-schedule"
          >
            Tram Schedule
          </ForwardRef(MenuItem)>
          <ForwardRef(MenuItem)
            value="cafeteria-menu"
          >
            Cafeteria
          </ForwardRef(MenuItem)>
          <ForwardRef(MenuItem)
            value="announcement"
          >
            Announcements
          </ForwardRef(MenuItem)>
          <ForwardRef(MenuItem)
            value="cafeteria-opening"
          >
            Cafeteria Status
          </ForwardRef(MenuItem)>
        </ForwardRef(Select)>
      </ForwardRef(FormControl)>
    </ForwardRef(Grid)>
    <ForwardRef(Grid)
      item={true}
      xs={12}
    >
      <ForwardRef(Button)
        onClick={[Function]}
        variant="outlined"
      >
        Add Widget
      </ForwardRef(Button)>
    </ForwardRef(Grid)>
    <ForwardRef(Grid)
      item={true}
    >
      <ForwardRef(Button)
        onClick={[Function]}
        variant="contained"
      >
        Save
      </ForwardRef(Button)>
      <ForwardRef(Snackbar)
        autoHideDuration={6000}
        message="Changes Saved"
        onClose={[Function]}
        open={false}
      />
      <ForwardRef(Snackbar)
        autoHideDuration={6000}
        message="Session expired"
        onClose={[Function]}
        open={false}
      />
    </ForwardRef(Grid)>
  </ForwardRef(Grid)>
</div>
`;
