// Jest Snapshot v1, https://goo.gl/fbAQLP

exports[` Tram schedule config without content 1`] = `
<div>
  <ForwardRef(DialogTitle)>
    Tram Schedule Settings
  </ForwardRef(DialogTitle)>
  <ForwardRef(DialogContent)>
    <div
      style={
        Object {
          "alignItems": "flex-start",
          "display": "flex",
          "flexDirection": "column",
          "minHeight": "300px",
          "paddingTop": "10px",
        }
      }
    >
      <ForwardRef(Autocomplete)
        autoComplete={true}
        filterSelectedOptions={true}
        inputValue=""
        onChange={[Function]}
        onInputChange={[Function]}
        options={Array []}
        renderInput={[Function]}
        sx={
          Object {
            "width": 300,
          }
        }
        value=""
      />
      <div
        style={
          Object {
            "height": 50,
          }
        }
      />
      <span>
        Number of Entries to Display:
      </span>
      <ForwardRef(Select)
        onChange={[Function]}
        style={
          Object {
            "width": 300,
          }
        }
        value={4}
      >
        <ForwardRef(MenuItem)
          value={1}
        >
          1
        </ForwardRef(MenuItem)>
        <ForwardRef(MenuItem)
          value={2}
        >
          2
        </ForwardRef(MenuItem)>
        <ForwardRef(MenuItem)
          value={3}
        >
          3
        </ForwardRef(MenuItem)>
        <ForwardRef(MenuItem)
          value={4}
        >
          4
        </ForwardRef(MenuItem)>
        <ForwardRef(MenuItem)
          value={5}
        >
          5
        </ForwardRef(MenuItem)>
      </ForwardRef(Select)>
    </div>
  </ForwardRef(DialogContent)>
</div>
`;

exports[`Tram Schedule Snapshots Tram schedule testing with content 1`] = `
<div
  className="grid grid-flow-row sm:g-0.5 xl:gap-1.5 2xl:gap-2 box-border"
>
  <div
    className="font-light leading-none sm:text-sm sm:text-center lg:text-base xl:text-xl 2xl:text-2xl
             4xl:text-3xl 8xl:text-5xl sm:pb-1 lg:pb-2 xl:pb-3 4xl:pb-4"
  >
      
    Hauptfriedhof
  </div>
  <div
    className="font-light leading-normal sm:text-sm sm:text-left lg:text-base xl:text-xl 2xl:text-2xl 4xl:text-3xl 8xl:text-5xl"
  >
    S2
     
    Blankenloch
    :    
    3 min
  </div>
  <div
    className="font-light leading-normal sm:text-xs lg:text-base xl:text-base 2xl:text-xl 4xl:text-2xl sm:text-left 8xl:text-4xl"
    key="0"
  >
    3
     
    Rintheim
    :    
    4 min
  </div>
  <div
    className="font-light leading-normal sm:text-xs lg:text-base xl:text-base 2xl:text-xl 4xl:text-2xl sm:text-left 8xl:text-4xl"
    key="1"
  >
    4
     
    Waldstadt
    :    
    5 min
  </div>
  <div
    className="font-light leading-normal sm:text-xs lg:text-base xl:text-base 2xl:text-xl 4xl:text-2xl sm:text-left 8xl:text-4xl"
    key="2"
  >
    4
     
    Oberreut
    :    
    6 min
  </div>
</div>
`;

exports[`Tram Schedule Snapshots Tram schedule testing without content 1`] = `
<div
  className="grid grid-flow-row sm:g-0.5 xl:gap-1.5 2xl:gap-2 box-border"
>
  <div
    className="font-light leading-none sm:text-sm sm:text-center lg:text-base xl:text-xl 2xl:text-2xl
             4xl:text-3xl 8xl:text-5xl sm:pb-1 lg:pb-2 xl:pb-3 4xl:pb-4"
  >
      
    Hauptfriedhof
  </div>
  <div
    className="font-light leading-normal sm:text-sm sm:text-left lg:text-base xl:text-xl 2xl:text-2xl 4xl:text-3xl 8xl:text-5xl"
  >
    S2
     
    Blankenloch
    :    
    3 min
  </div>
  <div
    className="font-light leading-normal sm:text-xs lg:text-base xl:text-base 2xl:text-xl 4xl:text-2xl sm:text-left 8xl:text-4xl"
    key="0"
  >
    3
     
    Rintheim
    :    
    4 min
  </div>
  <div
    className="font-light leading-normal sm:text-xs lg:text-base xl:text-base 2xl:text-xl 4xl:text-2xl sm:text-left 8xl:text-4xl"
    key="1"
  >
    4
     
    Waldstadt
    :    
    5 min
  </div>
  <div
    className="font-light leading-normal sm:text-xs lg:text-base xl:text-base 2xl:text-xl 4xl:text-2xl sm:text-left 8xl:text-4xl"
    key="2"
  >
    4
     
    Oberreut
    :    
    6 min
  </div>
</div>
`;
